
> ana-reiki-app@0.1.0 test
> vitest


[1m[44m DEV [49m[22m [34mv3.2.4 [39m[90mC:/Users/fmonf/Desktop/Software Enginnering LAPTOP/Agencia B2B/AnaReiki[39m

[31mCancelling test run. Press CTRL+c again to exit forcefully.
[39m
 [2m[90mΓåô[39m[22m src/lib/auth/roles.test.ts [2m([22m[2m2 tests[22m[2m)[22m
 [2m[90mΓåô[39m[22m src/lib/auth/roles.latest.test.ts [2m([22m[2m1 test[22m[2m)[22m
 [2m[90mΓåô[39m[22m src/app/login/login.test.tsx [2m([22m[2m4 tests[22m[2m)[22m
 [2m[90mΓåô[39m[22m src/app/registro/registro.test.tsx [2m([22m[2m3 tests[22m[2m)[22m

[2m Test Files [22m [33m4 skipped[39m[90m (4)[39m
[2m      Tests [22m [90m (10)[39m
[2m   Start at [22m 15:15:16
[2m   Duration [22m 8.40s[2m (transform 853ms, setup 8.99s, collect 2.62s, tests 0ms, environment 16.66s, prepare 1.73s)[22m

[1m[41m CANCELLED [49m[22m [31mTest run cancelled. Watching for file changes...[39m
       [2mpress [22m[1mh[22m[2m to show help[22m[2m, [22m[2mpress [22m[1mq[22m[2m to quit[22m
